PlayerViewTest.QueueChanged_WithNoSongs_UpdatesUi_0:
┌──────────────────────────────────────────────────────────────────────────────────────────────────┐
│Radiohead                     OK Computer                   QueueChanged_WithNoSongs_Upda 5:00    │
│                                                                                                  │
│                                                                                                  │
│                                                                                                  │
│                                                                                                  │
│                                                                                                  │
│                                                                                                  │
│                                                                                                  │
│                                          queue is empty                                          │
│                                                                                                  │
│                                                                                                  │
│                                                                                                  │
│                                                                                                  │
│                                                                                                  │
│                                                                                                  │
│                                                                                                  │
│                                                                                                  │
│                                                                                                  │
└──────────────────────────────────────────────────────────────────────────────────────────────────┘

