PlaybackQueueViewTest.BecomesVisible_SelectsCurrentSong_0_ansi:
[39m[49m┌──────────────────────────────────────────────────────────────────────────────────────────────────┐
│[30m[107mArtist                       [39m[49m [30m[107mAlbum                        [39m[49m [30m[107mTrack                        [39m[49m [30m[107mLength  [39m[49m│
│Radiohead                     OK Computer                   BecomesVisible_SelectsCurren… 5:00    │
│[30m[107mRadiohead                     OK Computer                   BecomesVisible_SelectsCurren… 5:00    [39m[49m│
│                                                                                                  │
│                                                                                                  │
│                                                                                                  │
│                                                                                                  │
│                                                                                                  │
│                                                                                                  │
│                                                                                                  │
│                                                                                                  │
│                                                                                                  │
│                                                                                                  │
│                                                                                                  │
│                                                                                                  │
│                                                                                                  │
│                                                                                                  │
│                                                                                                  │
└──────────────────────────────────────────────────────────────────────────────────────────────────┘

