PlaybackQueueViewTest.QueueChanged_WithSongs_UpdatesUi_0:
┌──────────────────────────────────────────────────────────────────────────────────────────────────┐
│Artist Album Track Length                                                                         │
│Radio… OK C… Queu… 5:00                                                                           │
│                                                                                                  │
│                                                                                                  │
│                                                                                                  │
│                                                                                                  │
│                                                                                                  │
│                                                                                                  │
│                                                                                                  │
│                                                                                                  │
│                                                                                                  │
│                                                                                                  │
│                                                                                                  │
│                                                                                                  │
│                                                                                                  │
│                                                                                                  │
│                                                                                                  │
│                                                                                                  │
└──────────────────────────────────────────────────────────────────────────────────────────────────┘

