PlaybackQueueViewTest.SongChanged_HighlightsSong_0_ansi:
[39m[49m┌──────────────────────────────────────────────────────────────────────────────────────────────────┐
│[30m[107mArtist                       [39m[49m [30m[107mAlbum                        [39m[49m [30m[107mTrack                        [39m[49m [30m[107mLength  [39m[49m│
│Radiohead                     OK Computer                   SongChanged_HighlightsSong1   5:00    │
│[30m[107m[1mRadiohead                     OK Computer                   SongChanged_HighlightsSong2   5:00    [39m[49m[22m│
│                                                                                                  │
│                                                                                                  │
│                                                                                                  │
│                                                                                                  │
│                                                                                                  │
│                                                                                                  │
│                                                                                                  │
│                                                                                                  │
│                                                                                                  │
│                                                                                                  │
│                                                                                                  │
│                                                                                                  │
│                                                                                                  │
│                                                                                                  │
│                                                                                                  │
└──────────────────────────────────────────────────────────────────────────────────────────────────┘

