PlaybackQueueViewTest.SongChanged_HighlightsSong_0_ansi:
[39m[49m┌──────────────────────────────────────────────────────────────────────────────────────────────────┐
│Artist                        Album                         Track                         Length  │
│Radiohead                     OK Computer                   SongChanged_HighlightsSong1   5:00    │
│[38;2;0;0;0m[48;2;255;255;255m[1mRadiohead                     OK Computer                   SongChanged_HighlightsSong2   5:00    [39m[49m[22m│
│                                                                                                  │
│                                                                                                  │
│                                                                                                  │
│                                                                                                  │
│                                                                                                  │
│                                                                                                  │
│                                                                                                  │
│                                                                                                  │
│                                                                                                  │
│                                                                                                  │
│                                                                                                  │
│                                                                                                  │
│                                                                                                  │
│                                                                                                  │
│                                                                                                  │
└──────────────────────────────────────────────────────────────────────────────────────────────────┘

