PlaylistViewTest.LikedSongsCommand_NewSearchCancelsPreviousSearch_0:
┌──────────────────────────────────────────────────────────────────────────────────────────────────┐
│Artist Album Track Length                                                                         │
│Radio… OK C… sick… 5:00                                                                           │
│                                                                                                  │
│                                                                                                  │
│                                                                                                  │
│                                                                                                  │
│                                                                                                  │
│                                                                                                  │
│                                                                                                  │
│                                                                                                  │
│                                                                                                  │
│                                                                                                  │
│                                                                                                  │
│                                                                                                  │
│                                                                                                  │
│                                                                                                  │
│                                                                                                  │
│                                                                                                  │
└──────────────────────────────────────────────────────────────────────────────────────────────────┘

