PlaylistViewTest.LikedSongsCommand_NewSearchCancelsPreviousSearch_0:
┌──────────────────────────────────────────────────────────────────────────────────────────────────┐
│Artist                        Album                         Track                         Length  │
│Radiohead                     OK Computer                   sicker song_2                 5:00    │
│                                                                                                  │
│                                                                                                  │
│                                                                                                  │
│                                                                                                  │
│                                                                                                  │
│                                                                                                  │
│                                                                                                  │
│                                                                                                  │
│                                                                                                  │
│                                                                                                  │
│                                                                                                  │
│                                                                                                  │
│                                                                                                  │
│                                                                                                  │
│                                                                                                  │
│                                                                                                  │
└──────────────────────────────────────────────────────────────────────────────────────────────────┘

