PlaylistViewTest.PlaylistSongSelected_ShowsContextMenu_0:
┌────────────────────────────┐┌────────────────────────────────────────────────────────────────────┐
│Sickest Playlist            ││Artist              Album               Track               Length  │
│lame ass shit               ││Radiohead           OK Computer         PlaylistSongSelect… 5:00    │
│                            ││Radiohead           OK Computer         PlaylistSongSelect… 5:00    │
│                            ││ play all from here  K Computer         PlaylistSongSelect… 5:00    │
│                            ││ play selection only                                                │
│                            ││ queue next                                                         │
│                            ││ queue last                                                         │
│                            ││                                                                    │
│                            ││                                                                    │
│                            ││                                                                    │
│                            ││                                                                    │
│                            ││                                                                    │
│                            ││                                                                    │
│                            ││                                                                    │
│                            ││                                                                    │
│                            ││                                                                    │
│                            ││                                                                    │
│                            ││                                                                    │
└────────────────────────────┘└────────────────────────────────────────────────────────────────────┘

