PlaylistViewTest.PlaylistCommand_PrevPlaylist_KeepsPriorState_0:
┌────────────────────────────┐┌────────────────────────────────────────────────────────────────────┐
│Sickest Playlist            ││Artist Album Track Length                                           │
│lame ass shit               ││Radio… OK C… Play… 5:00                                             │
│                            ││Radio… OK C… Play… 5:00                                             │
│                            ││Radio… OK C… Play… 5:00                                             │
│                            ││                                                                    │
│                            ││                                                                    │
│                            ││                                                                    │
│                            ││                                                                    │
│                            ││                                                                    │
│                            ││                                                                    │
│                            ││                                                                    │
│                            ││                                                                    │
│                            ││                                                                    │
│                            ││                                                                    │
│                            ││                                                                    │
│                            ││                                                                    │
│                            ││                                                                    │
│                            ││                                                                    │
└────────────────────────────┘└────────────────────────────────────────────────────────────────────┘

