PlaylistViewTest.PlaylistSongSelected_ShowsContextMenu_0:
┌────────────────────────────┐┌────────────────────────────────────────────────────────────────────┐
│Sickest Playlist            ││                                                                    │
│lame ass shit               ││                                                                    │
│                            ││                                                                    │
│                            ││                                                                    │
│                            ││                                                                    │
│                            ││                                                                    │
│                            ││                                                                    │
│                            ││                                                                    │
│                            ││                       error loading tracks                         │
│                            ││                                                                    │
│                            ││                                                                    │
│                            ││                                                                    │
│                            ││                                                                    │
│                            ││                                                                    │
│                            ││                                                                    │
│                            ││                                                                    │
│                            ││                                                                    │
│                            ││                                                                    │
└────────────────────────────┘└────────────────────────────────────────────────────────────────────┘

