PlaylistViewTest.PlaylistSelected_HasTracks_ShowsResults_0:
┌────────────────────────────┐┌────────────────────────────────────────────────────────────────────┐
│Sickest Playlist            ││Artist              Album               Track               Length  │
│lame ass shit               ││Radiohead           OK Computer         PlaylistSelected_H… 5:00    │
│                            ││Radiohead           OK Computer         PlaylistSelected_H… 5:00    │
│                            ││Radiohead           OK Computer         PlaylistSelected_H… 5:00    │
│                            ││                                                                    │
│                            ││                                                                    │
│                            ││                                                                    │
│                            ││                                                                    │
│                            ││                                                                    │
│                            ││                                                                    │
│                            ││                                                                    │
│                            ││                                                                    │
│                            ││                                                                    │
│                            ││                                                                    │
│                            ││                                                                    │
│                            ││                                                                    │
│                            ││                                                                    │
│                            ││                                                                    │
└────────────────────────────┘└────────────────────────────────────────────────────────────────────┘

