PlaylistViewTest.SearchCommand_CancelsPlaylistSelection_0:
┌────────────────────────────┐┌────────────────────────────────────────────────────────────────────┐
│Sickest Playlist            ││                                                                    │
│lame ass shit               ││                                                                    │
│                            ││                                                                    │
│                            ││                                                                    │
│                            ││                                                                    │
│                            ││                                                                    │
│                            ││                                                                    │
│                            ││                                                                    │
│                            ││                         select a playlist                          │
│                            ││                                                                    │
│                            ││                                                                    │
│                            ││                                                                    │
│                            ││                                                                    │
│                            ││                                                                    │
│                            ││                                                                    │
│                            ││                                                                    │
│                            ││                                                                    │
│                            ││                                                                    │
└────────────────────────────┘└────────────────────────────────────────────────────────────────────┘

