NowPlayingBarTest.OnPositionChanged_UpdatesPosition_0:
 ┌╌╌╌╌┐ no track                                                                                    
 ┆ ??⠀┆ no artist                                                                        volume: 0% 
 └╌╌╌╌┘ 00:00                                                                                 05:00 
                                                                                                    
                                                                                                    
                                                                                                    
                                                                                                    
                                                                                                    
                                                                                                    
                                                                                                    
                                                                                                    
                                                                                                    
                                                                                                    
                                                                                                    
                                                                                                    
                                                                                                    
                                                                                                    
                                                                                                    
                                                                                                    
                                                                                                    

