NowPlayingBarTest.OnSongChanged_UpdatesSongDetails_0:
        OnSongChangedUpdatesSongDetails                                                             
   ??   Radiohead                                                                        volume: 0% 
        --:--                                                                                 --:-- 
                                                                                                    
                                                                                                    
                                                                                                    
                                                                                                    
                                                                                                    
                                                                                                    
                                                                                                    
                                                                                                    
                                                                                                    
                                                                                                    
                                                                                                    
                                                                                                    
                                                                                                    
                                                                                                    
                                                                                                    
                                                                                                    
                                                                                                    

