NowPlayingBarTest.OnSongChanged_SongIsNull_UpdatesSongDetails_0:
 ┌╌╌╌╌┐ no track                                                                                    
 ┆ ?? ┆ no artist                                                                        volume: 0% 
 └╌╌╌╌┘ --:--                                                                                 --:-- 
                                                                                                    
                                                                                                    
                                                                                                    
                                                                                                    
                                                                                                    
                                                                                                    
                                                                                                    
                                                                                                    
                                                                                                    
                                                                                                    
                                                                                                    
                                                                                                    
                                                                                                    
                                                                                                    
                                                                                                    
                                                                                                    
                                                                                                    

