NowPlayingBarTest.Volume_ShowsVolume_0:
 ┌╌╌╌╌┐ no track                                                                                    
 ┆ ??⠀┆ no artist                                                                       volume: 50% 
 └╌╌╌╌┘ --:--                                                                                 --:-- 
                                                                                                    
                                                                                                    
                                                                                                    
                                                                                                    
                                                                                                    
                                                                                                    
                                                                                                    
                                                                                                    
                                                                                                    
                                                                                                    
                                                                                                    
                                                                                                    
                                                                                                    
                                                                                                    
                                                                                                    
                                                                                                    
                                                                                                    

