NowPlayingBarTest.Volume_VolumeChanged_UpdatesUi_0:
 ┌╌╌╌╌┐ no track                                                                                    
 ┆ ?? ┆ no artist                                                                       volume: 20% 
 └╌╌╌╌┘ --:--                                                                                 --:-- 
                                                                                                    
                                                                                                    
                                                                                                    
                                                                                                    
                                                                                                    
                                                                                                    
                                                                                                    
                                                                                                    
                                                                                                    
                                                                                                    
                                                                                                    
                                                                                                    
                                                                                                    
                                                                                                    
                                                                                                    
                                                                                                    
                                                                                                    

