StatusBarTest.InitialState_ShowsEmpty_0_ansi:
[30m[47m[1m  [37m[40m[22m                                                                                     [30m[47m[1m SMoC v1.0.0 
[39m[49m[22m                                                                                                    
                                                                                                    
                                                                                                    
                                                                                                    
                                                                                                    
                                                                                                    
                                                                                                    
                                                                                                    
                                                                                                    
                                                                                                    
                                                                                                    
                                                                                                    
                                                                                                    
                                                                                                    
                                                                                                    
                                                                                                    
                                                                                                    
                                                                                                    
                                                                                                    

