StatusBarTest.InitialState_ShowsEmpty_0_ansi:
[38;2;38;38;38m[48;2;148;148;148m[1m  [38;2;148;148;148m[48;2;58;58;58m[22m                                                                                     [38;2;38;38;38m[48;2;148;148;148m[1m SMoC v1.0.0 
[38;2;95;158;160m[48;2;54;69;79m[22m                                                                                                    
                                                                                                    
                                                                                                    
                                                                                                    
                                                                                                    
                                                                                                    
                                                                                                    
                                                                                                    
                                                                                                    
                                                                                                    
                                                                                                    
                                                                                                    
                                                                                                    
                                                                                                    
                                                                                                    
                                                                                                    
                                                                                                    
                                                                                                    
                                                                                                    

