StatusBarTest.PlaybackStateChanged_Stopped_ShowsState_0:
   [STOP] Radiohead - SetupMockPlayerService [01:00/05:00]                              SMoC v1.0.0 
                                                                                                    
                                                                                                    
                                                                                                    
                                                                                                    
                                                                                                    
                                                                                                    
                                                                                                    
                                                                                                    
                                                                                                    
                                                                                                    
                                                                                                    
                                                                                                    
                                                                                                    
                                                                                                    
                                                                                                    
                                                                                                    
                                                                                                    
                                                                                                    
                                                                                                    

