StatusBarTest.SongChanged_ShowsState_0:
  [PLAY] Radiohead - SetupMockPlayerService [01:00/05:00]                               SMoC v1.0.0 
                                                                                                    
                                                                                                    
                                                                                                    
                                                                                                    
                                                                                                    
                                                                                                    
                                                                                                    
                                                                                                    
                                                                                                    
                                                                                                    
                                                                                                    
                                                                                                    
                                                                                                    
                                                                                                    
                                                                                                    
                                                                                                    
                                                                                                    
                                                                                                    
                                                                                                    

