FrequencyHistogramViewTest.InitialState_ShowsEmptyEqualizer_0:
                                        
                                        
                                        
                                        
                                        
                                        
                                        
                                        
                                        
                                        

