FrequencyHistogramViewTest.PlayingState_ProceduralFallback_RendersDeterministically_0:
                                        
                                        
                                        
                                        
                                        
                                        
                                        
                                        
                                        
                                        

