FrequencyHistogramViewTest.PlayingState_WithRealSpectrum_MapsLogarithmically_0:
                                        
                                        
                                        
                                        
                                        
                                        
                                        
                                        
                                        
                                        

