FrequencyHistogramViewTest.StateTransition_ToPaused_DecaysFrequencies_0:
                                        
                                        
                                        
                                        
                                        
                                        
                                        
      ▃     ▆                           
    █ █     █   ▃ ▃ █     ▇   ▃   ▂     
█ █ █ █ ▇ ▂ █ █ █ █ █ █ ▆ █ ▅ █ ▄ █ ▆ ▆ 

