SubsonicArtistViewTest.SubsonicSearchCommand_ArtistDisplayCorrectly_0:
┌────────────────────────────┐┌────────────────────────────────────────────────────────────────────┐
│Subsonic Artist 1           ││                                                                    │
│Subsonic Artist 2           ││                                                                    │
│                            ││                                                                    │
│                            ││                                                                    │
│                            ││                                                                    │
│                            ││                                                                    │
│                            ││                                                                    │
│                            ││                                                                    │
│                            ││                         select an artist                           │
│                            ││                                                                    │
│                            ││                                                                    │
│                            ││                                                                    │
│                            ││                                                                    │
│                            ││                                                                    │
│                            ││                                                                    │
│                            ││                                                                    │
│                            ││                                                                    │
│                            ││                                                                    │
└────────────────────────────┘└────────────────────────────────────────────────────────────────────┘

