SongViewTest.TrackSearchCommand_ApiSuccess_ShowsResults_0:
┌──────────────────────────────────────────────────────────────────────────────────────────────────┐
│Artist Album Track Length                                                                         │
│Radio… OK C… Trac… 5:00                                                                           │
│                                                                                                  │
│                                                                                                  │
│                                                                                                  │
│                                                                                                  │
│                                                                                                  │
│                                                                                                  │
│                                                                                                  │
│                                                                                                  │
│                                                                                                  │
│                                                                                                  │
│                                                                                                  │
│                                                                                                  │
│                                                                                                  │
│                                                                                                  │
│                                                                                                  │
│                                                                                                  │
└──────────────────────────────────────────────────────────────────────────────────────────────────┘

