SongViewTest.TrackCommand_Repeat_KeepsPriorState_0:
┌──────────────────────────────────────────────────────────────────────────────────────────────────┐
│Artist                        Album                         Track                         Length  │
│Radiohead                     OK Computer                   TrackCommand_Repeat_KeepsPrio 5:00    │
│                                                                                                  │
│                                                                                                  │
│                                                                                                  │
│                                                                                                  │
│                                                                                                  │
│                                                                                                  │
│                                                                                                  │
│                                                                                                  │
│                                                                                                  │
│                                                                                                  │
│                                                                                                  │
│                                                                                                  │
│                                                                                                  │
│                                                                                                  │
│                                                                                                  │
│                                                                                                  │
└──────────────────────────────────────────────────────────────────────────────────────────────────┘

