SongViewTest.TrackSearchCommand_ApiSuccess_ShowsResults_0:
┌──────────────────────────────────────────────────────────────────────────────────────────────────┐
│Artist                        Album                         Track                         Length  │
│Radiohead                     OK Computer                   TrackSearchCommand_ApiSuccess 5:00    │
│                                                                                                  │
│                                                                                                  │
│                                                                                                  │
│                                                                                                  │
│                                                                                                  │
│                                                                                                  │
│                                                                                                  │
│                                                                                                  │
│                                                                                                  │
│                                                                                                  │
│                                                                                                  │
│                                                                                                  │
│                                                                                                  │
│                                                                                                  │
│                                                                                                  │
│                                                                                                  │
└──────────────────────────────────────────────────────────────────────────────────────────────────┘

