SubsonicUiTest.SubsonicAlbumSelection_ShowsSongs_0:
┌────────────────────────────┐┌────────────────────────────────────────────────────────────────────┐
│Subsonic Artist             ││#   Album                    Track                    Length Year   │
│                            ││1   Subsonic Album           Subsonic Track           4:00   2024   │
│                            ││                                                                    │
│                            ││                                                                    │
│                            ││                                                                    │
│                            ││                                                                    │
│                            ││                                                                    │
│                            ││                                                                    │
│                            ││                                                                    │
│                            ││                                                                    │
│                            ││                                                                    │
│                            ││                                                                    │
│                            ││                                                                    │
│                            ││                                                                    │
│                            ││                                                                    │
│                            ││                                                                    │
│                            ││                                                                    │
│                            ││                                                                    │
└────────────────────────────┘└────────────────────────────────────────────────────────────────────┘

