NowPlayingViewTest.InitialState_ShowsEmptyNowPlayingInfo_Tall_0:
                                                                                                    
                                                                                                    
                                                                                                    
                                                                                                    
                                                                                                    
                                                                                                    
                              ┌╌╌╌╌╌╌╌╌╌╌╌╌╌╌╌╌╌╌╌╌╌╌╌╌╌╌╌╌╌╌╌╌╌╌╌╌╌┐                               
                              ┆                 ??                  ┆                               
                              ┆                                     ┆                               
                              ┆                                     ┆                               
                              ┆                                     ┆                               
                              ┆                                     ┆                               
                              ┆                                     ┆                               
                              ┆                                     ┆                               
                              ┆                                     ┆                               
                              ┆                                     ┆                               
                              ┆                                     ┆                               
                              ┆                                     ┆                               
                              ┆                                     ┆                               
                              ┆                                     ┆                               
                              ┆                                     ┆                               
                              ┆                                     ┆                               
                              ┆                                     ┆                               
                              ┆                                     ┆                               
                              └╌╌╌╌╌╌╌╌╌╌╌╌╌╌╌╌╌╌╌╌╌╌╌╌╌╌╌╌╌╌╌╌╌╌╌╌╌┘                               
                                                                                                    
                                              no track                                              
                                             no  artist                                             
                                                                                                    
                                                                                                    
                              --:--                              --:--                              
                                                                                                    
                                                                                                    
                                                                                                    
                                                                                                    
                                                                                                    
                                                                                                    
                                                                                                    
                                                                                                    
                                                                                                    

