NowPlayingViewTest.InitialState_ShowsEmptyNowPlayingInfo_0:
                                                                                                    
                                                                                                    
                                                                                                    
                                                                                                    
                                     ┌╌╌╌╌╌╌╌╌╌╌╌╌╌╌╌╌╌╌╌╌╌╌┐                                       
                                     ┆                      ┆                                       
                                     ┆                      ┆                                       
                                     ┆                      ┆                                       
                                     ┆                      ┆                                       
                                     ┆          ??          ┆                                       
                                     ┆                      ┆                                       
                                     ┆                      ┆                                       
                                     ┆                      ┆                                       
                                     ┆                      ┆                                       
                                     └╌╌╌╌╌╌╌╌╌╌╌╌╌╌╌╌╌╌╌╌╌╌┘                                       
                                                                                                    
                                              no track                                              
                                             no  artist                                             
                                                                                                    
                                                                                                    
                                     --:--               --:--                                      
                                                                                                    
                                                                                                    
                                                                                                    
                                                                                                    

