NowPlayingViewTest.InitialState_ShowsEmptyNowPlayingInfo_Wide_0:
                                                                                                                        
                                                                                                                        
                                                                                                                        
                                                                                                                        
                                               ┌╌╌╌╌╌╌╌╌╌╌╌╌╌╌╌╌╌╌╌╌╌╌┐                                                 
                                               ┆                      ┆                                                 
                                               ┆                      ┆                                                 
                                               ┆                      ┆                                                 
                                               ┆                      ┆                                                 
                                               ┆          ??          ┆                                                 
                                               ┆                      ┆                                                 
                                               ┆                      ┆                                                 
                                               ┆                      ┆                                                 
                                               ┆                      ┆                                                 
                                               └╌╌╌╌╌╌╌╌╌╌╌╌╌╌╌╌╌╌╌╌╌╌┘                                                 
                                                                                                                        
                                                        no track                                                        
                                                       no  artist                                                       
                                                                                                                        
                                                                                                                        
                                               --:--               --:--                                                
                                                                                                                        
                                                                                                                        
                                                                                                                        
                                                                                                                        

