NowPlayingViewTest.OnPositionChanged_UpdatesPosition_MultipleTimes_0:
                                                                                                    
                                                                                                    
                                                                                                    
                                                                                                    
                                     ┌╌╌╌╌╌╌╌╌╌╌╌╌╌╌╌╌╌╌╌╌╌╌┐                                       
                                     ┆          ??          ┆                                       
                                     ┆                      ┆                                       
                                     ┆                      ┆                                       
                                     ┆                      ┆                                       
                                     ┆                      ┆                                       
                                     ┆                      ┆                                       
                                     ┆                      ┆                                       
                                     ┆                      ┆                                       
                                     ┆                      ┆                                       
                                     └╌╌╌╌╌╌╌╌╌╌╌╌╌╌╌╌╌╌╌╌╌╌┘                                       
                                                                                                    
                                              no track                                              
                                             no  artist                                             
                                                                                                    
                                     ██████████                                                     
                                     02:00               05:00                                      
                                                                                                    
                                                                                                    
                                                                                                    
                                                                                                    

