NowPlayingViewTest.OnPositionChanged_UpdatesPosition_0:
                                                                                                    
                                                                                                    
                                                                                                    
                                                                                                    
                                     ┌╌╌╌╌╌╌╌╌╌╌╌╌╌╌╌╌╌╌╌╌╌╌┐                                       
                                     ┆                      ┆                                       
                                     ┆                      ┆                                       
                                     ┆                      ┆                                       
                                     ┆                      ┆                                       
                                     ┆          ??          ┆                                       
                                     ┆                      ┆                                       
                                     ┆                      ┆                                       
                                     ┆                      ┆                                       
                                     ┆                      ┆                                       
                                     └╌╌╌╌╌╌╌╌╌╌╌╌╌╌╌╌╌╌╌╌╌╌┘                                       
                                                                                                    
                                              no track                                              
                                             no  artist                                             
                                                                                                    
                                                                                                    
                                     00:00               05:00                                      
                                                                                                    
                                                                                                    
                                                                                                    
                                                                                                    

