NowPlayingViewTest.OnSongChanged_UpdatesSongDetails_0:
                                                                                                    
                                                                                                    
                                                                                                    
                                                                                                    
                                                                                                    
                                                                                                    
                                                                                                    
                                                                                                    
                                                                                                    
                                                ??                                                  
                                                                                                    
                                                                                                    
                                                                                                    
                                                                                                    
                                                                                                    
                                                                                                    
                                  OnSongChangedUpdatesSongDetails                                   
                                             Radiohead                                              
                                                                                                    
                                                                                                    
                                     --:--               --:--                                      
                                                                                                    
                                                                                                    
                                                                                                    
                                                                                                    

