NowPlayingTest.OnSongChanged_UpdatesSongDetails_0:
 ┌╌╌╌╌┐ Paranoid Android                                                                            
 ┆ ?? ┆ Radiohead                                                                        volume: 0% 
 └╌╌╌╌┘ --:--                                                                                 --:-- 
                                                                                                    
                                                                                                    
                                                                                                    
                                                                                                    
                                                                                                    
                                                                                                    
                                                                                                    
                                                                                                    
                                                                                                    
                                                                                                    
                                                                                                    
                                                                                                    
                                                                                                    
                                                                                                    
                                                                                                    
                                                                                                    
                                                                                                    

