SongContextMenuTest.MakeVisibleInView_BottomOfViewport_ShouldDisplayCorrectly_0:
┌──────────────────────────────────────────────────────────────────────────────────────────────────┐
│ play all from here  Length Year                                                                  │
│ play selection only 5:00   1970                                                                  │
│ queue next          5:00   1970                                                                  │
│ queue last          5:00   1970                                                                  │
│1 Radio… OK C… Make… 5:00   1970                                                                  │
│                                                                                                  │
└──────────────────────────────────────────────────────────────────────────────────────────────────┘

