SongContextMenuTest.MakeVisible_ShouldDisplayCorrectly_0:
 play all from here                                                                                 
 play selection only                                                                                
 queue next                                                                                         
 queue last                                                                                         
                                                                                                    
                                                                                                    
                                                                                                    
                                                                                                    
                                                                                                    
                                                                                                    
                                                                                                    
                                                                                                    
                                                                                                    
                                                                                                    
                                                                                                    
                                                                                                    
                                                                                                    
                                                                                                    
                                                                                                    
                                                                                                    

