SongContextMenuTest.MakeVisibleInView_ShouldDisplayCorrectly_0:
┌──────────────────────────────────────────────────────────────────────────────────────────────────┐
│#   Artist                     Album                      Track                     Length Year   │
│1   Radiohead                  OK Computer                MakeVisibleInView_ShouldD 5:00   1970   │
│ play all from here            OK Computer                MakeVisibleInView_ShouldD 5:00   1970   │
│ play selection only                                                                              │
│ queue next                                                                                       │
│ queue last                                                                                       │
│                                                                                                  │
│                                                                                                  │
│                                                                                                  │
│                                                                                                  │
│                                                                                                  │
│                                                                                                  │
│                                                                                                  │
│                                                                                                  │
│                                                                                                  │
│                                                                                                  │
│                                                                                                  │
│                                                                                                  │
└──────────────────────────────────────────────────────────────────────────────────────────────────┘

