ArtistViewTest.ArtistSelected_NewSelectionCancelsPreviousSelection_0:
┌────────────────────────────┐┌────────────────────────────────────────────────────────────────────┐
│Radiohead                   ││# Album Track Length Year                                           │
│Almost Radiohead            ││2 NOKA… Clim… 3:00   1970                                           │
│                            ││                                                                    │
│                            ││                                                                    │
│                            ││                                                                    │
│                            ││                                                                    │
│                            ││                                                                    │
│                            ││                                                                    │
│                            ││                                                                    │
│                            ││                                                                    │
│                            ││                                                                    │
│                            ││                                                                    │
│                            ││                                                                    │
│                            ││                                                                    │
│                            ││                                                                    │
│                            ││                                                                    │
│                            ││                                                                    │
│                            ││                                                                    │
└────────────────────────────┘└────────────────────────────────────────────────────────────────────┘

