ArtistViewTest.ArtistSelected_SongsFound_ShowsResults_0:
┌────────────────────────────┐┌────────────────────────────────────────────────────────────────────┐
│Radiohead                   ││# Album Track Length Year                                           │
│                            ││1 OK C… Para… 5:00   1970                                           │
│                            ││2 OK C… Clim… 3:00   1970                                           │
│                            ││                                                                    │
│                            ││                                                                    │
│                            ││                                                                    │
│                            ││                                                                    │
│                            ││                                                                    │
│                            ││                                                                    │
│                            ││                                                                    │
│                            ││                                                                    │
│                            ││                                                                    │
│                            ││                                                                    │
│                            ││                                                                    │
│                            ││                                                                    │
│                            ││                                                                    │
│                            ││                                                                    │
│                            ││                                                                    │
└────────────────────────────┘└────────────────────────────────────────────────────────────────────┘

