ArtistViewTest.ArtistSelected_SongsFound_ShowsResults_0:
┌────────────────────────────┐┌────────────────────────────────────────────────────────────────────┐
│Radiohead                   ││#   Album                    Track                    Length Year   │
│                            ││1   OK Computer              Paranoid Android         5:00   1970   │
│                            ││2   OK Computer              Climbing Up the Walls    3:00   1970   │
│                            ││                                                                    │
│                            ││                                                                    │
│                            ││                                                                    │
│                            ││                                                                    │
│                            ││                                                                    │
│                            ││                                                                    │
│                            ││                                                                    │
│                            ││                                                                    │
│                            ││                                                                    │
│                            ││                                                                    │
│                            ││                                                                    │
│                            ││                                                                    │
│                            ││                                                                    │
│                            ││                                                                    │
│                            ││                                                                    │
└────────────────────────────┘└────────────────────────────────────────────────────────────────────┘

