ArtistViewTest.ArtistCommand_FirstTime_ShowsEmptyUi_0:
┌────────────────────────────┐┌────────────────────────────────────────────────────────────────────┐
│                            ││                                                                    │
│                            ││                                                                    │
│                            ││                                                                    │
│                            ││                                                                    │
│                            ││                                                                    │
│                            ││                                                                    │
│                            ││                                                                    │
│                            ││                                                                    │
│      no artists found      ││                         select an artist                           │
│                            ││                                                                    │
│                            ││                                                                    │
│                            ││                                                                    │
│                            ││                                                                    │
│                            ││                                                                    │
│                            ││                                                                    │
│                            ││                                                                    │
│                            ││                                                                    │
│                            ││                                                                    │
└────────────────────────────┘└────────────────────────────────────────────────────────────────────┘

