ArtistViewTest.SearchCommand_ArtistApiFailure_ShowsError_0:
┌────────────────────────────┐┌────────────────────────────────────────────────────────────────────┐
│                            ││                                                                    │
│                            ││                                                                    │
│                            ││                                                                    │
│                            ││                                                                    │
│                            ││                                                                    │
│                            ││                                                                    │
│                            ││                                                                    │
│                            ││                                                                    │
│  error searching artists   ││                         select an artist                           │
│                            ││                                                                    │
│                            ││                                                                    │
│                            ││                                                                    │
│                            ││                                                                    │
│                            ││                                                                    │
│                            ││                                                                    │
│                            ││                                                                    │
│                            ││                                                                    │
│                            ││                                                                    │
└────────────────────────────┘└────────────────────────────────────────────────────────────────────┘

