ArtistViewTest.SongSelected_ShowsContextWindow_0:
┌────────────────────────────┐┌────────────────────────────────────────────────────────────────────┐
│Radiohead                   ││# Album Track Length Year                                           │
│                            ││1 OK C… Para… 5:00   1970                                           │
│                            ││ play all from here  1970                                           │
│                            ││ play selection only                                                │
│                            ││ queue next                                                         │
│                            ││ queue last                                                         │
│                            ││                                                                    │
│                            ││                                                                    │
│                            ││                                                                    │
│                            ││                                                                    │
│                            ││                                                                    │
│                            ││                                                                    │
│                            ││                                                                    │
│                            ││                                                                    │
│                            ││                                                                    │
│                            ││                                                                    │
│                            ││                                                                    │
│                            ││                                                                    │
└────────────────────────────┘└────────────────────────────────────────────────────────────────────┘

