SongTableTest.SetHighlightedRow_HighlightsRow_0_ansi:
[39m[49m┌──────────────────────────────────────────────────────────────────────────────────────────────────┐
│[30m[107m#  [39m[49m [30m[107mArtist                    [39m[49m [30m[107mAlbum                     [39m[49m [30m[107mTrack                    [39m[49m [30m[107mLength[39m[49m [30m[107mYear   [39m[49m│
│1   Radiohead                  OK Computer                SetHighlightedRow_Highli… 5:00   1970   │
│[97m[40m[1m1   Radiohead                  OK Computer                SetHighlightedRow_Highli… 5:00   1970   [39m[49m[22m│
│1   Radiohead                  OK Computer                SetHighlightedRow_Highli… 5:00   1970   │
│                                                                                                  │
│                                                                                                  │
│                                                                                                  │
│                                                                                                  │
│                                                                                                  │
│                                                                                                  │
│                                                                                                  │
│                                                                                                  │
│                                                                                                  │
│                                                                                                  │
│                                                                                                  │
│                                                                                                  │
│                                                                                                  │
│                                                                                                  │
└──────────────────────────────────────────────────────────────────────────────────────────────────┘

