SongTableTest.SetHighlightedRow_HighlightsRow_0_ansi:
[39m[49m┌──────────────────────────────────────────────────────────────────────────────────────────────────┐
│[38;2;0;0;0m[48;2;255;255;255m#  [39m[49m [38;2;0;0;0m[48;2;255;255;255mArtist                    [39m[49m [38;2;0;0;0m[48;2;255;255;255mAlbum                     [39m[49m [38;2;0;0;0m[48;2;255;255;255mTrack                    [39m[49m [38;2;0;0;0m[48;2;255;255;255mLength[39m[49m [38;2;0;0;0m[48;2;255;255;255mYear   [39m[49m│
│1   Radiohead                  OK Computer                SetHighlightedRow_Highli… 5:00   1970   │
│[38;2;255;255;255m[48;2;0;0;0m[1m1   Radiohead                  OK Computer                SetHighlightedRow_Highli… 5:00   1970   [39m[49m[22m│
│1   Radiohead                  OK Computer                SetHighlightedRow_Highli… 5:00   1970   │
│                                                                                                  │
│                                                                                                  │
│                                                                                                  │
│                                                                                                  │
│                                                                                                  │
│                                                                                                  │
│                                                                                                  │
│                                                                                                  │
│                                                                                                  │
│                                                                                                  │
│                                                                                                  │
│                                                                                                  │
│                                                                                                  │
│                                                                                                  │
└──────────────────────────────────────────────────────────────────────────────────────────────────┘

